#-----------------------------------------------------------
# Vivado v2017.2 (64-bit)
# SW Build 1909853 on Thu Jun 15 18:39:09 MDT 2017
# IP Build 1909766 on Thu Jun 15 19:58:00 MDT 2017
# Start of session at: Sat Jan  6 19:45:05 2018
# Process ID: 2544
# Current directory: C:/Users/user/Desktop/Good_Game/Good_Game
# Command line: vivado.exe -gui_launcher_event rodinguilauncherevent1648 C:\Users\user\Desktop\Good_Game\Good_Game\Good_Game.xpr
# Log file: C:/Users/user/Desktop/Good_Game/Good_Game/vivado.log
# Journal file: C:/Users/user/Desktop/Good_Game/Good_Game\vivado.jou
#-----------------------------------------------------------
start_gui
open_project C:/Users/user/Desktop/Good_Game/Good_Game/Good_Game.xpr
update_compile_order -fileset sources_1
remove_files  C:/Users/user/Desktop/Good_Game/Good_Game/Good_Game.srcs/sources_1/imports/Downloads/BCD_counter.v
file delete -force C:/Users/user/Desktop/Good_Game/Good_Game/Good_Game.srcs/sources_1/imports/Downloads/BCD_counter.v
remove_files  C:/Users/user/Desktop/Good_Game/Good_Game/Good_Game.srcs/sources_1/imports/Downloads/Random_Direction.v
file delete -force C:/Users/user/Desktop/Good_Game/Good_Game/Good_Game.srcs/sources_1/imports/Downloads/Random_Direction.v
remove_files  C:/Users/user/Desktop/Good_Game/Good_Game/Good_Game.srcs/sources_1/imports/Downloads/LFSR.v
file delete -force C:/Users/user/Desktop/Good_Game/Good_Game/Good_Game.srcs/sources_1/imports/Downloads/LFSR.v
